python : ..F..
At line:1 char:1
+ python tests/test_app.py > 
test_output.txt 2>&1
+ ~~~~~~~~~~~~~~~~~~~~~~~~~~~~~~~~~~~
~~~~~~~~~~~~
    + CategoryInfo          : 
NotSpecifi    ed: (..F..:String) [], 
RemoteExcepti    on
    + FullyQualifiedErrorId : 
NativeComm    andError
 
=====================================
=================================
FAIL: test_index 
(__main__.TestApp.test_index)
-------------------------------------
---------------------------------
Traceback (most recent call last):
  File "C:\Users\mmlun\Antigravity\Di
gitalTrackingSite\tests\test_app.py",
 line 21, in test_index
    self.assertIn(b'DNS Marketing 
Tracking', response.data)
    ~~~~~~~~~~~~~^^^^^^^^^^^^^^^^^^^^
^^^^^^^^^^^^^^^^^^^^^^
AssertionError: b'DNS Marketing 
Tracking' not found in b'<!DOCTYPE 
html>\n<html lang="en">\n<head>\n    
<meta charset="UTF-8">\n    <meta 
name="viewport" 
content="width=device-width, 
initial-scale=1.0">\n    <title>DNS 
Tracking URL Generator</title>\n    
<style>\n        * {\n            
margin: 0;\n            padding: 
0;\n            box-sizing: 
border-box;\n        }\n\n        
body {\n            font-family: 
-apple-system, BlinkMacSystemFont, 
\'Segoe UI\', Roboto, Oxygen, 
Ubuntu, Cantarell, sans-serif;\n     
       background: 
linear-gradient(135deg, #667eea 0%, 
#764ba2 100%);\n            
min-height: 100vh;\n            
padding: 20px;\n        }\n\n        
.container {\n            max-width: 
800px;\n            margin: 0 
auto;\n            background: 
white;\n            border-radius: 
12px;\n            box-shadow: 0 
20px 60px rgba(0, 0, 0, 0.3);\n      
      padding: 40px;\n        }\n\n  
      h1 {\n            color: 
#333;\n            margin-bottom: 
10px;\n            font-size: 
28px;\n        }\n\n        
.subtitle {\n            color: 
#666;\n            margin-bottom: 
30px;\n            font-size: 
14px;\n        }\n\n        
.form-group {\n            
margin-bottom: 20px;\n        }\n\n  
      label {\n            display: 
block;\n            margin-bottom: 
8px;\n            color: #333;\n     
       font-weight: 500;\n           
 font-size: 14px;\n        }\n\n     
   .required {\n            color: 
#e74c3c;\n        }\n\n        
select, input[type="text"] {\n       
     width: 100%;\n            
padding: 12px;\n            border: 
2px solid #e0e0e0;\n            
border-radius: 6px;\n            
font-size: 14px;\n            
transition: border-color 0.3s;\n     
   }\n\n        select:focus, 
input[type="text"]:focus {\n         
   outline: none;\n            
border-color: #667eea;\n        
}\n\n        .checkbox-group {\n     
       display: flex;\n            
align-items: center;\n            
margin-top: 10px;\n        }\n\n     
   .checkbox-group 
input[type="checkbox"] {\n           
 width: auto;\n            
margin-right: 8px;\n            
cursor: pointer;\n        }\n\n      
  .checkbox-group label {\n          
  margin-bottom: 0;\n            
cursor: pointer;\n            
font-weight: normal;\n        }\n\n  
      .btn {\n            
background: linear-gradient(135deg, 
#667eea 0%, #764ba2 100%);\n         
   color: white;\n            
border: none;\n            padding: 
14px 28px;\n            
border-radius: 6px;\n            
font-size: 16px;\n            
font-weight: 600;\n            
cursor: pointer;\n            
transition: transform 0.2s, 
box-shadow 0.2s;\n            width: 
100%;\n            margin-top: 
10px;\n        }\n\n        
.btn:hover {\n            transform: 
translateY(-2px);\n            
box-shadow: 0 5px 15px rgba(102, 
126, 234, 0.4);\n        }\n\n       
 .btn:active {\n            
transform: translateY(0);\n        
}\n\n        .output-group {\n       
     margin-top: 30px;\n            
padding-top: 30px;\n            
border-top: 2px solid #e0e0e0;\n     
   }\n\n        .output-label {\n    
        margin-bottom: 10px;\n       
 }\n\n        .output-field {\n      
      background: #f5f5f5;\n         
   border: 2px solid #e0e0e0;\n      
      border-radius: 6px;\n          
  padding: 12px;\n            
font-family: \'Courier New\', 
monospace;\n            font-size: 
13px;\n            word-break: 
break-all;\n            min-height: 
60px;\n            color: #333;\n    
    }\n\n        
.output-field.has-content {\n        
    background: #e8f5e9;\n           
 border-color: #4caf50;\n        
}\n\n        .copy-btn {\n           
 margin-top: 10px;\n            
background: #4caf50;\n            
font-size: 14px;\n            
padding: 10px 20px;\n        }\n\n   
     .copy-btn:hover {\n            
background: #45a049;\n        }\n\n  
      .error {\n            color: 
#e74c3c;\n            font-size: 
12px;\n            margin-top: 
5px;\n        }\n\n        .hidden 
{\n            display: none;\n      
  }\n\n        .success-message {\n  
          background: #d4edda;\n     
       color: #155724;\n            
padding: 12px;\n            
border-radius: 6px;\n            
margin-top: 10px;\n            
font-size: 14px;\n        }\n\n      
  #utm_source_text_input {\n         
   margin-top: 10px;\n        }\n    
</style>\n</head>\n<body>\n    <div 
class="container">\n        <h1>DNS 
Tracking URL Generator</h1>\n        
<p class="subtitle">Generate 
tracking URLs with UTM parameters 
for your marketing campaigns</p>\n   
     \n\n        <form 
id="urlForm">\n            <!-- 
Platform Selection -->\n            
<div class="form-group">\n           
     <label for="platform">Platform 
<span 
class="required">*</span></label>\n  
              <select id="platform" 
name="platform" required>\n          
          <option value="">Select 
Platform</option>\n                  
  <option value="Google Ads">Google 
Ads</option>\n                    
<option value="Meta">Meta</option>\n 
                   <option 
value="Facebook">Facebook</option>\n 
                   <option value="Ins
tagram">Instagram</option>\n         
           <option 
value="TikTok">TikTok</option>\n     
               <option 
value="LinkedIn">LinkedIn</option>\n 
                   <option 
value="Email">Email</option>\n       
             <option 
value="Other">Other</option>\n       
         </select>\n            
</div>\n\n            <!-- UTM 
Source -->\n            <div 
class="form-group">\n                
<label for="utm_source_category">UTM 
Source Category <span 
class="required">*</span></label>\n  
              <select 
id="utm_source_category" 
name="utm_source_category" 
required>\n                    
<option value="">Select 
Category</option>\n                  
  <option value="Search Ads">Search 
Ads</option>\n                    
<option value="Social Media">Social 
Media</option>\n                    
<option value="Email / 
Newsletter">Email / 
Newsletter</option>\n                
    <option value="Referral / 
Partner Sites">Referral / Partner 
Sites</option>\n                    
<option value="Influencer / Organic 
Social">Influencer / Organic 
Social</option>\n                    
<option value="Direct Mail or 
QR">Direct Mail or QR</option>\n     
           </select>\n            
</div>\n\n            <!-- UTM 
Source Dropdown (for Search Ads, 
Social Media) -->\n            <div 
class="form-group hidden" 
id="utm_source_dropdown_group">\n    
            <label 
for="utm_source_dropdown">UTM Source 
<span 
class="required">*</span></label>\n  
              <select 
id="utm_source_dropdown" 
name="utm_source_dropdown">\n        
            <option value="">Select 
Source</option>\n                
</select>\n            </div>\n\n    
        <!-- UTM Source Text Input 
(for Referral, Influencer, Direct 
Mail) -->\n            <div 
class="form-group hidden" 
id="utm_source_text_group">\n        
        <label 
for="utm_source_text">UTM Source 
<span 
class="required">*</span></label>\n  
              <input type="text" 
id="utm_source_text" 
name="utm_source_text" \n            
           placeholder="Enter source 
name">\n            </div>\n\n       
     <!-- Hidden field for final 
utm_source value -->\n            
<input type="hidden" id="utm_source" 
name="utm_source">\n\n            
<!-- UTM Medium -->\n            
<div class="form-group">\n           
     <label for="utm_medium">UTM 
Medium <span 
class="required">*</span></label>\n  
              <select 
id="utm_medium" name="utm_medium" 
required>\n                    
<option value="">Select 
Medium</option>\n                    
\n                    <option value="
paid_search">paid_search</option>\n  
                  \n                 
   <option value="organic_search">org
anic_search</option>\n               
     \n                    <option va
lue="paid_social">paid_social</option
>\n                    \n            
        <option value="organic_social
">organic_social</option>\n          
          \n                    
<option 
value="display">display</option>\n   
                 \n                  
  <option 
value="video">video</option>\n       
             \n                    
<option 
value="email">email</option>\n       
             \n                    
<option 
value="referral">referral</option>\n 
                   \n                
    <option value="affiliate">affilia
te</option>\n                    \n  
                  <option value="qr 
or offline">qr or offline</option>\n 
                   \n                
    <option 
value="cpc">cpc</option>\n           
         \n                    
<option value="remarketing">remarketi
ng</option>\n                    \n  
              </select>\n            
</div>\n\n            <!-- Campaign 
Name -->\n            <div 
class="form-group">\n                
<label for="campaign_name">Campaign 
Name</label>\n                <input 
type="text" id="campaign_name" 
name="campaign_name" \n              
         placeholder="Enter campaign 
name (or leave empty for \'unknown\' 
if not using dynamic)">\n            
</div>\n\n            <!-- Ad Name 
-->\n            <div 
class="form-group">\n                
<label for="ad_name">Ad 
Name</label>\n                <input 
type="text" id="ad_name" 
name="ad_name" \n                    
   placeholder="Enter ad name (or 
leave empty for \'unknown\' if not 
using dynamic)">\n            
</div>\n\n            <!-- Ad Set 
Name -->\n            <div 
class="form-group">\n                
<label for="adset_name">Ad Set Name 
(Optional)</label>\n                
<input type="text" id="adset_name" 
name="adset_name" \n                 
      placeholder="Enter ad set name 
(for utm_term)">\n            
</div>\n\n            <!-- Dynamic 
Placeholders Checkbox -->\n          
  <div class="checkbox-group">\n     
           <input type="checkbox" 
id="use_dynamic_placeholders" 
name="use_dynamic_placeholders">\n   
             <label 
for="use_dynamic_placeholders">\n    
                Include Dynamic 
Placeholders \n                    
\n                        
({{campaign.name}}, {{ad.name}}, 
etc.)\n                    \n        
        </label>\n            
</div>\n\n            <!-- Generate 
Button -->\n            <button 
type="submit" class="btn">Generate 
URL</button>\n\n            <!-- 
Error Messages -->\n            <div 
id="errorMessages"></div>\n\n        
    <!-- Success Message -->\n       
     <div id="successMessage" 
class="hidden 
success-message"></div>\n        
</form>\n\n        <!-- Output 
Section -->\n        <div 
class="output-group">\n            
<label 
class="output-label">Generated URL 
(UTM Only):</label>\n            
<div id="outputField" 
class="output-field">Generated URL 
will appear here...</div>\n          
  <button type="button" class="btn 
copy-btn hidden" id="copyBtn">Copy 
URL</button>\n            \n         
   \n        </div>\n    </div>\n\n  
  <script>\n        // UTM Source 
configuration\n        const 
utmSources = {"Direct Mail or QR": 
{"placeholder": "Enter source name 
(e.g., qrposter)", "type": 
"text_input"}, "Email / Newsletter": 
{"options": ["email"], "type": 
"dropdown"}, "Influencer / Organic 
Social": {"placeholder": "Enter 
influencer/platform name", "type": 
"text_input"}, "Referral / Partner 
Sites": {"placeholder": "Enter 
partner site name", "type": 
"text_input"}, "Search Ads": 
{"options": ["google", "bing"], 
"type": "dropdown"}, "Social Media": 
{"options": ["facebook", 
"instagram", "tiktok", "linkedin", 
"twitter", "youtube"], "type": 
"dropdown"}};\n\n        // Track if 
user has manually edited utm_source 
and utm_medium\n        let 
utmSourceEdited = false;\n        
let utmMediumEdited = false;\n\n     
   // Platform selection handler\n   
     document.getElementById(\'platfo
rm\').addEventListener(\'change\', 
function() {\n            const 
platform = this.value;\n            
if (platform) {\n                
fetch(\'/api/platform-suggestion\', 
{\n                    method: 
\'POST\',\n                    
headers: {\n                        
\'Content-Type\': 
\'application/json\',\n              
      },\n                    body: 
JSON.stringify({ platform: platform 
})\n                })\n             
   .then(response => 
response.json())\n                
.then(data => {\n                    
if (data.success && 
!utmSourceEdited) {\n                
        // Auto-select the suggested 
utm_source\n                        
const suggestion = 
data.utm_source;\n                   
     // Try to find and select it in 
the category dropdowns\n             
           selectUtmSourceByValue(sug
gestion);\n                    }\n   
                 if (data.success && 
!utmMediumEdited) {\n                
        document.getElementById(\'utm
_medium\').value = 
data.utm_medium;\n                   
 }\n                });\n            
}\n        });\n\n        // UTM 
Source Category handler\n        docu
ment.getElementById(\'utm_source_cate
gory\').addEventListener(\'change\', 
function() {\n            const 
category = this.value;\n            
const dropdownGroup = document.getEle
mentById(\'utm_source_dropdown_group\
');\n            const textGroup = do
cument.getElementById(\'utm_source_te
xt_group\');\n            const 
dropdown = document.getElementById(\'
utm_source_dropdown\');\n            
const textInput = document.getElement
ById(\'utm_source_text\');\n\n       
     // Hide both initially\n        
    dropdownGroup.classList.add(\'hid
den\');\n            textGroup.classL
ist.add(\'hidden\');\n            
dropdown.value = \'\';\n            
textInput.value = \'\';\n\n          
  if (!category) return;\n\n         
   const categoryData = 
utmSources[category];\n            
if (categoryData) {\n                
if (categoryData.type === 
\'dropdown\') {\n                    
// Populate dropdown\n               
     dropdown.innerHTML = \'<option 
value="">Select Source</option>\';\n 
                   
categoryData.options.forEach(option 
=> {\n                        const 
opt = document.createElement(\'option
\');\n                        
opt.value = option;\n                
        opt.textContent = option;\n  
                      
dropdown.appendChild(opt);\n         
           });\n                    d
ropdownGroup.classList.remove(\'hidde
n\');\n                    // 
Auto-select if only one option 
(e.g., Email / Newsletter)\n         
           if 
(categoryData.options.length === 1) 
{\n                        
dropdown.value = 
categoryData.options[0];\n           
             document.getElementById(
\'utm_source\').value = 
categoryData.options[0];\n           
             utmSourceEdited = 
true;\n                    }\n       
         } else if 
(categoryData.type === 
\'text_input\') {\n                  
  // Show text input\n               
     textInput.placeholder = 
categoryData.placeholder || \'Enter 
source name\';\n                    t
extGroup.classList.remove(\'hidden\')
;\n                }\n            
}\n        });\n\n        // UTM 
Source dropdown handler\n        docu
ment.getElementById(\'utm_source_drop
down\').addEventListener(\'change\', 
function() {\n            document.ge
tElementById(\'utm_source\').value = 
this.value;\n            
utmSourceEdited = true;\n        
});\n\n        // UTM Source text 
input handler\n        document.getEl
ementById(\'utm_source_text\').addEve
ntListener(\'input\', function() {\n 
           document.getElementById(\'
utm_source\').value = this.value;\n  
          utmSourceEdited = true;\n  
      });\n\n        // UTM Medium 
handler\n        document.getElementB
yId(\'utm_medium\').addEventListener(
\'change\', function() {\n           
 utmMediumEdited = true;\n        
});\n\n        // Helper function to 
select UTM source by value\n        
function 
selectUtmSourceByValue(value) {\n    
        // Check each category\n     
       for (const [category, 
categoryData] of 
Object.entries(utmSources)) {\n      
          if (categoryData.type === 
\'dropdown\' && categoryData.options.
includes(value)) {\n                 
   // Select the category\n          
          document.getElementById(\'u
tm_source_category\').value = 
category;\n                    // 
Trigger change to show dropdown\n    
                document.getElementBy
Id(\'utm_source_category\').dispatchE
vent(new Event(\'change\'));\n       
             // Select the value in 
dropdown\n                    
setTimeout(() => {\n                 
       document.getElementById(\'utm_
source_dropdown\').value = value;\n  
                      document.getEle
mentById(\'utm_source_dropdown\').dis
patchEvent(new Event(\'change\'));\n 
                   }, 10);\n         
           return;\n                
}\n            }\n        }\n\n      
  // Form submission handler\n       
 document.getElementById(\'urlForm\')
.addEventListener(\'submit\', 
function(e) {\n            
e.preventDefault();\n\n            
// Get final utm_source value\n      
      const utmSourceDropdown = docum
ent.getElementById(\'utm_source_dropd
own\');\n            const 
utmSourceText = document.getElementBy
Id(\'utm_source_text\');\n           
 const utmSource = 
utmSourceDropdown.value || 
utmSourceText.value;\n\n            
// Validate utm_source\n            
if (!utmSource) {\n                
showError(\'Please select or enter a 
UTM source\');\n                
return;\n            }\n\n           
 // Collect form data\n            
const formData = {\n                
platform: document.getElementById(\'p
latform\').value,\n                
utm_source: utmSource,\n             
   utm_medium: document.getElementByI
d(\'utm_medium\').value,\n           
     campaign_name: document.getEleme
ntById(\'campaign_name\').value,\n   
             ad_name: document.getEle
mentById(\'ad_name\').value,\n       
         adset_name: document.getElem
entById(\'adset_name\').value,\n     
           use_dynamic_placeholders: 
document.getElementById(\'use_dynamic
_placeholders\').checked\n           
 };\n\n            // Validate 
required fields\n            if 
(!formData.platform) {\n             
   showError(\'Please select a 
platform\');\n                
return;\n            }\n            
if (!formData.utm_medium) {\n        
        showError(\'Please select a 
UTM medium\');\n                
return;\n            }\n\n           
 // Clear previous errors\n          
  clearErrors();\n\n            // 
Generate URL\n            
fetch(\'/api/generate\', {\n         
       method: \'POST\',\n           
     headers: {\n                    
\'Content-Type\': 
\'application/json\',\n              
  },\n                body: 
JSON.stringify(formData)\n           
 })\n            .then(response => 
response.json())\n            
.then(data => {\n                if 
(data.success) {\n                   
 displayUrl(data.url);\n             
       showSuccess(\'URL generated 
successfully!\');\n                } 
else {\n                    if 
(data.errors) {\n                    
    showErrors(data.errors);\n       
             } else {\n              
          showError(data.error || 
\'Failed to generate URL\');\n       
             }\n                }\n  
          })\n            
.catch(error => {\n                
showError(\'An error occurred: \' + 
error.message);\n            });\n   
     });\n\n        // Display 
generated URL\n        function 
displayUrl(url) {\n            const 
outputField = document.getElementById
(\'outputField\');\n            
outputField.textContent = url;\n     
       outputField.classList.add(\'ha
s-content\');\n            document.g
etElementById(\'copyBtn\').classList.
remove(\'hidden\');\n            \n  
          // Show preview button if 
in test mode\n            \n        
}\n\n        // Copy URL to 
clipboard\n        document.getElemen
tById(\'copyBtn\').addEventListener(\
'click\', function() {\n            
const url = document.getElementById(\
'outputField\').textContent;\n       
     navigator.clipboard.writeText(ur
l).then(() => {\n                
const btn = this;\n                
const originalText = 
btn.textContent;\n                
btn.textContent = \'Copied!\';\n     
           btn.style.background = 
\'#4caf50\';\n                
setTimeout(() => {\n                 
   btn.textContent = originalText;\n 
                   
btn.style.background = 
\'#4caf50\';\n                }, 
2000);\n            });\n        
});\n\n        // Error handling\n   
     function showError(message) {\n 
           const errorDiv = document.
getElementById(\'errorMessages\');\n 
           errorDiv.innerHTML = 
\'<div class="error">\' + message + 
\'</div>\';\n        }\n\n        
function showErrors(errors) {\n      
      const errorDiv = document.getEl
ementById(\'errorMessages\');\n      
      let html = \'\';\n            
for (const [field, message] of 
Object.entries(errors)) {\n          
      html += \'<div 
class="error">\' + field + \': \' + 
message + \'</div>\';\n            
}\n            errorDiv.innerHTML = 
html;\n        }\n\n        function 
clearErrors() {\n            document
.getElementById(\'errorMessages\').in
nerHTML = \'\';\n            document
.getElementById(\'successMessage\').c
lassList.add(\'hidden\');\n        
}\n\n        function 
showSuccess(message) {\n            
const successDiv = document.getElemen
tById(\'successMessage\');\n         
   successDiv.textContent = 
message;\n            successDiv.clas
sList.remove(\'hidden\');\n        
}\n\n        // Preview Full URL 
(Test Mode Only)\n        \n    
</script>\n</body>\n</html>\n'

-------------------------------------
---------------------------------
Ran 5 tests in 0.029s

FAILED (failures=1)
